# serializer version: 1
# name: TestSynologyDSM7.test_external_usb
  dict({
    'sdq': SynoCoreExternalUSBDevice(
      device_formatable=True,
      device_id='sdq',
      device_manufacturer='Genesys Logic, Inc.',
      device_name='SD Card 1',
      device_partitions=dict({
        'sdq1': SynoUSBStoragePartition(
          filesystem='FAT32',
          fstype='vfat',
          is_mounted=True,
          is_supported=True,
          name_id='sdq1',
          partition_percentage_used=4.0,
          partition_title='SD Card 1 Partition 1',
          share_name='SDKarte',
          status='normal',
        ),
      }),
      device_product_name=None,
      device_progress='',
      device_status='normal',
      device_type='sdCard',
      partitions_all_percentage_used=4.0,
    ),
    'sds': SynoCoreExternalUSBDevice(
      device_formatable=True,
      device_id='sds',
      device_manufacturer='Iomega Corp.',
      device_name='USB Disk 1',
      device_partitions=dict({
        'sds1': SynoUSBStoragePartition(
          filesystem='ntfs',
          fstype='ntfs',
          is_mounted=True,
          is_supported=True,
          name_id='sds1',
          partition_percentage_used=90.4,
          partition_title='USB Disk 1 Partition 1',
          share_name='usbshare1',
          status='usbbackup',
        ),
      }),
      device_product_name='Prestige Portable Hard Drive',
      device_progress='',
      device_status='usbbackup',
      device_type='usbDisk',
      partitions_all_percentage_used=90.4,
    ),
    'usb1': SynoCoreExternalUSBDevice(
      device_formatable=True,
      device_id='usb1',
      device_manufacturer='PNY',
      device_name='USB Disk 1',
      device_partitions=dict({
        'usb1p1': SynoUSBStoragePartition(
          filesystem='ntfs',
          fstype='ntfs',
          is_mounted=True,
          is_supported=True,
          name_id='usb1p1',
          partition_percentage_used=1.0,
          partition_title='USB Disk 1 Partition 1',
          share_name='usbshare1-1',
          status='normal',
        ),
        'usb1p2': SynoUSBStoragePartition(
          filesystem='FAT32',
          fstype='vfat',
          is_mounted=True,
          is_supported=True,
          name_id='usb1p2',
          partition_percentage_used=0.0,
          partition_title='USB Disk 1 Partition 2',
          share_name='usbshare1-2',
          status='normal',
        ),
      }),
      device_product_name='Flash Drive',
      device_progress='',
      device_status='normal',
      device_type='usbDisk',
      partitions_all_percentage_used=0.5,
    ),
    'usb2': SynoCoreExternalUSBDevice(
      device_formatable=True,
      device_id='usb2',
      device_manufacturer='Western Digital Technologies, Inc.',
      device_name='USB Disk 2',
      device_partitions=dict({
        'usb2p1': SynoUSBStoragePartition(
          filesystem='ext4',
          fstype='ext4',
          is_mounted=True,
          is_supported=True,
          name_id='usb2p1',
          partition_percentage_used=72.0,
          partition_title='USB Disk 2 Partition 1',
          share_name='usbshare2',
          status='normal',
        ),
      }),
      device_product_name='easystore 264D',
      device_progress='',
      device_status='normal',
      device_type='usbDisk',
      partitions_all_percentage_used=72.0,
    ),
    'usb3': SynoCoreExternalUSBDevice(
      device_formatable=True,
      device_id='usb3',
      device_manufacturer='SanDisk Corp.',
      device_name='USB Disk 3',
      device_partitions=dict({
        'usb3p1': SynoUSBStoragePartition(
          filesystem='FAT32',
          fstype='vfat',
          is_mounted=True,
          is_supported=True,
          name_id='usb3p1',
          partition_percentage_used=5.1,
          partition_title='USB Disk 3 Partition 1',
          share_name='usbshare3-1',
          status='normal',
        ),
        'usb3p2': SynoUSBStoragePartition(
          filesystem='hfsplus',
          fstype='hfsplus',
          is_mounted=True,
          is_supported=True,
          name_id='usb3p2',
          partition_percentage_used=11.9,
          partition_title='USB Disk 3 Partition 2',
          share_name='usbshare3-2',
          status='normal',
        ),
      }),
      device_product_name=' SanDisk 3.2Gen1',
      device_progress='',
      device_status='normal',
      device_type='usbDisk',
      partitions_all_percentage_used=11.9,
    ),
    'usb4': SynoCoreExternalUSBDevice(
      device_formatable=True,
      device_id='usb4',
      device_manufacturer='PNY',
      device_name='USB Disk 4',
      device_partitions=dict({
        'usb4p1': SynoUSBStoragePartition(
          filesystem='exfat',
          fstype='exfat',
          is_mounted=True,
          is_supported=True,
          name_id='usb4p1',
          partition_percentage_used=0.0,
          partition_title='USB Disk 4 Partition 1',
          share_name='usbshare4',
          status='normal',
        ),
      }),
      device_product_name='USB 3.0 FD',
      device_progress='',
      device_status='normal',
      device_type='usbDisk',
      partitions_all_percentage_used=0.0,
    ),
    'usb5': SynoCoreExternalUSBDevice(
      device_formatable=True,
      device_id='usb5',
      device_manufacturer='SanDisk Corp.',
      device_name='USB Disk 5',
      device_partitions=dict({
        'usb5p1': SynoUSBStoragePartition(
          filesystem='FAT32',
          fstype='vfat',
          is_mounted=True,
          is_supported=True,
          name_id='usb5p1',
          partition_percentage_used=0.0,
          partition_title='USB Disk 5 Partition 1',
          share_name='usbshare5-1',
          status='normal',
        ),
        'usb5p2': SynoUSBStoragePartition(
          filesystem='FAT32',
          fstype='vfat',
          is_mounted=True,
          is_supported=True,
          name_id='usb5p2',
          partition_percentage_used=84.4,
          partition_title='USB Disk 5 Partition 2',
          share_name='usbshare5-2',
          status='normal',
        ),
      }),
      device_product_name='Cruzer Titanium+',
      device_progress='',
      device_status='normal',
      device_type='usbDisk',
      partitions_all_percentage_used=0.7,
    ),
    'usb6': SynoCoreExternalUSBDevice(
      device_formatable=True,
      device_id='usb6',
      device_manufacturer='Western Digital Technologies, Inc.',
      device_name='USB Disk 6',
      device_partitions=dict({
        'usb6p1': SynoUSBStoragePartition(
          filesystem='ntfs',
          fstype='ntfs',
          is_mounted=True,
          is_supported=True,
          name_id='usb6p1',
          partition_percentage_used=28.5,
          partition_title='USB Disk 6 Partition 1',
          share_name='usbshare6',
          status='normal',
        ),
      }),
      device_product_name='My Passport Essential (WDBACY)',
      device_progress='',
      device_status='normal',
      device_type='usbDisk',
      partitions_all_percentage_used=28.5,
    ),
    'usb8': SynoCoreExternalUSBDevice(
      device_formatable=True,
      device_id='usb8',
      device_manufacturer='Genesys Logic, Inc.',
      device_name='USB Disk 8',
      device_partitions=dict({
        'usb8': SynoUSBStoragePartition(
          filesystem='',
          fstype='unknown',
          is_mounted=False,
          is_supported=False,
          name_id='usb8',
          partition_percentage_used=None,
          partition_title='USB Disk 8',
          share_name='',
          status='normal',
        ),
      }),
      device_product_name='All-in-One Cardreader',
      device_progress='',
      device_status='normal',
      device_type='usbDisk',
      partitions_all_percentage_used=None,
    ),
  })
# ---
